Während eines gemeinsamen Essens bei Penny bricht Raj plötzlich in Tränen aus und gesteht den anderen dass ihm die Abschiebung droht Aufgrund mangelnder Forschungsergebnisse steht sein Job an der Uni auf dem Spiel wodurch seine Aufenthaltsgenehmigung nicht mehr verlängert wird - es sei denn er findet einen neuen Job Die Freunde sind entsetzt und versuchen alles um Raj eine Stelle zu besorgen Nichts scheint zu klappen - bis Sheldon vorschlägt Raj solle doch für ihn arbeiten IMDb rating: 82/10
Als die Freunde darüber sprechen wie sie Thanksgiving verbringen werden bricht Raj plötzlich in Tränen aus Ihm droht die Abschiebung da seine Forschungsarbeit keine Ergebnisse zeigt und sein Visum nicht verlängert wird wenn die Uni ihn entlässt Alle sind sich einig dass Raj einen neuen Job braucht Er bewirbt sich für ein interessantes Forschungsprojekt und hat die Stelle schon fast in der Tasche Als er es aber vermasselt schlägt Sheldon ihm vor für ihn zu arbeiten

Als die Freunde erfahren dass Bill Gates Pennys Pharmafirma besuchen wird sind sie ganz aufgeregt Die Enttäuschung ist um so größer als Penny erklärt dass sie sie zu dem Treffen nicht mitnehmen kann Sheldon nimmt die Ankündigung jedoch nicht ernst da Bill Gates Ankunft auf den 1 April fällt hält er es für einen Aprilscherz Per Zufall entdeckt Leonard in Pennys Unterlagen die Adresse von Bill Gates' Hotel Sofort machen sich er Howard und Raj auf den Weg IMDb rating: 73/10
Penny erwähnt nebenbei dass sie Bill Gates treffen wird da er ein Pharmaunternehmen für eine Kooperation sucht und sie ihn durch die Firma führen soll Da die Ankunft von Bill Gates auf den 1 April fällt hält Sheldon das für einen Aprilscherz Leonard Howard und Raj versuchen Penny dazuzubringen sie mit Bill Gates bekannt zu machen aber Penny wehrt ab da es schliesslich kein Freizeitvergnügen sondern Teil ihrer Arbeit ist Bernadette ist so sehr von ihrer Mutterrolle eingenommen dass sie gar nicht mehr merkt dass sich bei ihr alles nur noch um die Kinder dreht

Leonard und Sheldon lernen auf einer Party ihren neuen Chef kennen Sheldon kann sich mal wieder nicht zurückhalten und steckt seinem Chef was er von ihm hält - nämlich nichts Als Sheldon daraufhin seinen Job verliert nimmt er sich endlich Zeit für Experimente die er schon immer einmal durchführen wollte Nach leuchtenden Fischen ist nun der Webstuhl dran - und Leonard platzt der Kragen Nur eine Person kann Sheldon jetzt noch zur Besinnung bringen - seine Mutter Mary
Als Sheldon bei einer Party seinen Boss beleidigt und daraufhin entlassen wird nimmt er sich endlich Zeit für Experimente die er schon immer einmal durchführen wollte Doch Leonard ist bald genervt von Leuchtfischen und Webstühlen Da Sheldon nicht davon abzubringen ist muss er schwere Geschütze auffahren: Er ruft Sheldons Mutter Mary an IMDb rating: 83/10

Die berühmte Comiclegende Stan Lee gibt eine Autogrammstunde in Stuarts Comicbuchladen Sheldon Howard Raj und Leonard sind begeistert dass sie die Gelegenheit bekommen den großen Meister persönlich zu treffen Allerdings entdeckt Howard zuvor dass Sheldon wegen eines Fahrvergehens eine Vorladung vor Gericht bekommen hat Sheldon weigert sich das Bußgeld zu bezahlen und verteidigt sich vor Gericht selbst Mit verheerenden Folgen
Leonard Sheldon Howard und Raj können ihr Glück kaum fassen: Der große Stan Lee eine lebende Legende im Comicbuchsektor gibt eine Autogrammstunde in Stuarts Comicbuchladen Kurz vor dem Ereignis entdeckt Howard jedoch eine Gerichtsvorladung die an Sheldon adressiert ist: Just am Tag von Stan Lees Autogrammstunde soll sich Sheldon wegen eines Fahrvergehens vor Gericht verantworten Sheldon ist außer sich und beschließt sich selbst zu verteidigen - mit fatalen Folgen

Howard erhält ein einzigartiges Angebot: er hat die Möglichkeit an einem Satellitenprojekt des Verteidigungsministeriums mitzuarbeiten vorausgesetzt die Prüfung durch das FBI verläuft positiv Hierfür werden Howards Freunde einer Befragung unterzogen die Aufschluss über seinen persönlichen Hintergrund geben soll Dabei muss Raj seinen Alkoholpegel erhöhen um mit der attraktiven FBI-Agentin reden zu können die von Leonard selbstsicher angebaggert wird Und Sheldon berichtet viel mehr als er sollte
Howard bekommt das Angebot an einem Satellitenprojekt des Verteidigungsministeriums zu arbeiten Dazu muss das FBI jedoch seinen persönlichen Hintergrund beleuchten und auch seine Freunde werden befragt Raj isst Rumkuchen damit er mit der attraktiven FBI-Agentin Angela Page sprechen kann während Leonard sie mit großer Selbstsicherheit anbaggert Bei Sheldons Befragung zu Howards Vertrauenswürdigkeit erzählt er mal wieder mehr als gut ist - ein folgenschwerer Fehler

Weil er glaubt sich vergebens Hoffnungen auf Penny zu machen beginnt sich Leonard wieder Leslie anzunähern Tatsächlich verbringen die zwei eine erste verheißungsvolle Nacht miteinander und auch Penny ist begeistert von dem süßen Paar das die zwei abgeben Leonards Schock ist daher groß als ihm Leslie tags darauf mitteilt an keiner ernsthaften Beziehung mit ihm interessiert zu sein Er ärgert sich so sehr dass er gar nicht mitbekommt wie glücklich Penny über die Abfuhr ist
Weil er glaubt sich vergebens Hoffnungen auf Penny zu machen beginnt Leonard sich wieder Leslie anzunähern Doch auch die ist nicht auf eine Beziehung aus Während er sein gebrochenes Herz pflegt merkt er nicht dass Penny froh ist dass Leslie ihn abgewiesen hat Sheldon kommt derweil zu einer freudigen Erkenntnis IMDb rating: 81/10

Nachdem ihr Leonard seine Liebe gestanden hat verhält sich Penny seltsam distanziert Auch am darauffolgenden Tag bleibt die Stimmung zwischen den beiden angespannt Bei einem Bowlingturnier kommt es schließlich zu einem heftigen Streit der damit endet dass Penny wutentbrannt aus der Halle stürzt und ihr Team sitzenlässt Vor allem Sheldon ist von Pennys Verhalten erschüttert wird er durch ihren jähen Abgang doch gezwungen das Match gegen seinen Erzfeind Wil Wheaton abzubrechen
In der Beziehung zwischen Penny und Leonard kriselt es nachdem Leonard 'Ich liebe dich' gesagt Penny jedoch nur mit einem 'Dankeschön' geantwortet hat Auf der Bowlingbahn möchte Wil Wheaton der in Stuarts Team mitspielt Sheldon und seine Freunde schlagen Er nutzt die angespannte Situation zwischen Penny und Leonard für seine Zwecke und manipuliert Penny Es kommt schließlich zu einem heftigen Streit zwischen ihr und Leonard der damit endet dass Penny wutentbrannt aus der Halle stürzt IMDb rating: 81/10

Die Jungs haben auf dem Dach einen Laser installiert und Leonard fragt Penny ob sie Lust hat dem Experiment beizuwohnen Dabei lernt er auch ihren neuen Freund Zack kennen der nicht gerade der Hellste ist Entsetzt stellt Penny fest dass sie nach ihrer Beziehung mit Leonard nicht mehr mit normalen Typen ausgehen kann Raj und Howard suchen indes die perfekte Frau für Sheldon
Leonard Howard Sheldon und Raj wollen auf dem Dach ein Laser-Experiment durchführen Als Leonard Penny dazuholen will lernt er gleich ihren neuen Freund kennen: Zack muskulös und gutaussehend Allerdings hat Zack ein Manko: Er ist strohdoof Indes suchen Howard und Raj im Internet nach der perfekten Frau für Sheldon und beantworten jede Frage so wie Sheldon sie beantworten würde Und tatsächlich finden sie sein Pendant

Amy ist sauer auf Sheldon und so bittet sie Leonard sie auf eine Hochzeitsfeier zu begleiten Sheldon spielt lieber mit seiner neuen Modelleisenbahn Für Howard ist es selbstverständlich dass Bernadette nach ihrer Hochzeit zu ihm und seiner Mutter zieht Bernadette ist zutiefst geschockt und es entsteht ein riesiger Streit Howard kann sie überreden ein Probewochenende mit der zukünftigen Schwiegermutter zu verbringen
Da Sheldon sich bei Hochzeiten immer wie ein Kind aufführt bittet Amy stattdessen Leonard sie zu der Hochzeitsfeier ihrer Arbeitskollegen zu begleiten Während Sheldon seiner Begeisterung für Modelleisenbahnen nachgeht hat Bernadette eine Überraschung für Howard auf Lager: Sie will nicht mit ihm und seiner Mutter zusammenleben Ein gemeinsames Wochenende im Hause Wolowitz soll sie umstimmen

Sheldon wurde bestohlen und fordert von der Polizei den Täter unverzüglich zu finden und zur Rechenschaft zu ziehen Zu Leonards Erleichterung stellt sich jedoch heraus dass es sich nicht um einen Einbruch handelt sondern um eine Hackerattacke auf Sheldons Account bei dem Online-Spiel "World of Warcraft" Da Sheldon in dem Spiel alles verloren hat wollen seine Freunde ihn mit allen Mitteln unterstützen und tauchen in die Online-Welt ab - sehr zu Priyas Missfallen die damit zum ersten Mal konfrontiert wird
Sheldon hat die Polizei alarmiert weil er bestohlen wurde Leonard ist erleichtert als er erfährt dass nicht in die Wohnung eingebrochen wurde sondern dass Sheldons Account beim Online-Spiel "War of Warcraft" gehackt und geplündert wurde Sheldon ist jedoch so verzweifelt dass Raj Howard und Leonard ihn mit allen Kräften unterstützen Priya wird erstmals damit konfrontiert dass Leonard in die Online-Welt abtaucht und für sie nicht mehr ansprechbar ist

Als Amy Sheldon erzählt dass Penny ihr anvertraut hat Bernadette wolle sich von Howard trennen interessiert ihn das überhaupt nicht Amy schlägt daraufhin ein wissenschaftliches Experiment vor das den sozialen Zusammenhalt der Gruppe anhand von Klatsch- und Tratschverbreitungen aufzeigen soll Sie streuen zwei Gerüchte und erwarten die Ergebnisse Raj ist hocherfreut dass Bernadette mit Howard Schluss machen möchte Doch Howard bereitet einen Heiratsantrag vor
Amy erfährt von Penny dass sich Bernadette eventuell von Howard trennen möchte Sie erzählt es Sheldon doch der zeigt sich wenig beeindruckt Da erklärt ihm Amy welch wichtige Funktion Gerüchte in sozialen Gruppen einnehmen Um ihre These zu untermauern starten die beiden ein Experiment Die anderen machen sich indes große Sorgen um Howard der nichts von alledem ahnt und Bernadette einen Heiratsantrag machen möchte

In San Francisco findet eine Physikerkonferenz statt zu der Sheldon Leonard Raj und Howard mit dem Zug reisen da Sheldon ein Faible für Eisenbahnen hat Obwohl die anderen erst wenig begeistert sind ändert sich ihre Laune schlagartig als sie die hübsche Schauspielerin Summer Glau im Zug entdecken Sheldon verfällt indes in Panik da er wichtige Ergebnisse daheim vergessen hat IMDb rating: 82/10
In San Francisco findet eine Fachkonferenz statt zu der Sheldon mit seinen Freunden reist Howard und Raj sind begeistert: Die attraktive Schauspielerin Summer Glau sitzt im gleichen Waggon Die beiden arbeiten sofort an einer Taktik sie anzubaggern Raj gönnt sich ein Bier fasst sich ein Herz und spricht Summer an die auch nicht abgeneigt ist sich mit ihm zu unterhalten Schliesslich stellt Howard jedoch fest dass Raj ein alkoholfreies Bier getrunken hat

Seit Sheldon und Raj in einem Büro arbeiten streiten sie sich mehr denn je Auslöser für den Zoff ist dass Raj keinen eigenen Schreibtisch von Sheldon bekommt da die Gelder anderweitig verplant sind Schliesslich können sich die beiden einigen doch ob sich beide das Ergebnis dann so vorgestellt haben bleibt abzuwarten Howard geht Bernadette aus dem Weg und versteckt sich im Restaurant sogar unter dem Tisch Da er aber immer noch an sie denkt vertraut er sich Penny an
Raj arbeitet inzwischen für Sheldon hat aber keinen eigenen Schreibtisch da sein Chef das Geld für andere 'wichtigere' Dinge verplant hat Nachdem Howard Bernadette im Restaurant sieht und sich sofort unter dem Tisch versteckt wundern die anderen sich wieder einmal warum es zwischen ihrem Freund und der blonden Studentin nicht geklappt hat Schweren Herzens vertraut sich Howard Penny an

Sheldon verabredet sich mit Penny zum Spaghetti-Essen Das verheimlicht er vor seinen Freunden weil ihm Howard deutlich macht dass er sich nach der Trennung von Leonard und Penny für eine Seite entscheiden muss Nach dem gemeinsamen Essen mit seinen Freunden gibt er vor einen Verdauungsspaziergang machen zu wollen Da Howard jedoch mitgeht muss er tatsächlich das Haus verlassen Zuvor hat er als Beilage zu den Spaghetti noch ein paar Würstchen eingesteckt - keine gute Idee
Nach Leonards und Pennys Trennung steckt Sheldon in der Zwickmühle: Einerseits möchte er die Freundschaft zu Penny nicht aufgeben andererseits fürchtet er dadurch Leonards Gefühle zu verletzen Aus diesem Grunde verabredet er sich heimlich mit Penny zum Spaghetti-Essen Um sich unauffällig davonschleichen zu können gibt er nach einem gemeinsamen Abendessen mit den Jungs vor einen Verdauungsspaziergang machen zu wollen Als Howard ihn jedoch begleitet gerät Sheldon in arge Bedrängnis

Der Valentinstag steht vor der Tür: Während Howard mit Bernadette essen gehen möchte fürchtet Raj den Abend den er wieder einmal alleine verbringen wird Leonard hat besondere Pläne: Er wurde in die Schweiz eingeladen wo er unter anderem den Teilchenbeschleuniger am CERN besichtigen darf Sheldon packt bereits die Koffer doch sein Mitbewohner möchte mit Penny nach Europa fliegen IMDb rating: 82/10
Der Valentinstag steht vor der Tür und die vier Jungs überlegen wie sie den Tag verbringen werden: Howard plant ein romantisches Abendessen mit Bernadette Sheldon ignoriert die Feierlichkeiten und Raj ist verzweifelt da er wieder einmal allein sein wird Als Leonard berichtet dass er just am Valentinstag an einem Kongress in Genf teilnehmen wird ist Sheldon sofort Feuer und Flamme Er ahnt nicht dass Leonard nicht ihn sondern Penny als Begleitung mitnehmen will

Als in Sheldons Büro eine attraktive Frau auftaucht sind Howard Leonard und Raj völlig aus dem Häuschen Es stellt sich heraus dass es sich um Missy Sheldons Zwillingsschwester handelt Um an sie ranzukommen versuchen die Jungs Sheldon einzureden er müsse den perfekten Partner für sie raussuchen Missy hingegen möchte ihre eigene Wahl treffen Und die fällt auf den schüchternen Raj 
Leonard Howard und Raj können es nicht fassen als in Sheldons Büro eine attraktive Frau steht Es handelt sich um Sheldons Zwillingsschwester Missy die gerade zufällig in der Stadt ist Sofort versuchen die Jungs sich an Sheldons Schwester heranzumachen und mit ihr zu flirten - mit mehr oder weniger Erfolg Zum Glück schaut Penny zufällig vorbei und rettet die arme Missy IMDb rating: 84/10

Besuch von Sheldons Mutter Mary Sheldon hat ein detailliertes Unterhaltungsprogramm für seine Mom ausgearbeitet doch die interessiert das wenig Statt ihren Sohn zu bekochen geht sie lieber mit Leonard Sushi essen Schockiert muss Sheldon außerdem hinnehmen dass seine Mutter auf den Besuch eines Vortrages mit einem Nobelpreisträger verzichtet um statt dessen mit den anderen eine Stadtrundfahrt zu machen
Sheldons Mutter ist zu Besuch in Kalifornien und will ein wenig Zeit mit ihrem Sohn verbringen Doch statt zuhause zu bleiben um für ihren Liebling zu kochen und zuzusehen wie Sheldon einen Nobelpreisträger lächerlich macht will sie lieber auswärts essen gehen und die Sehenswürdigkeiten bestaunen Sheldon ist außer sich und beschwert sich bei Amy über seine Mutter

Als Stuart den Jungs erzählt dass Stan Lee eine Autogrammstunde im Comicbuchladen geben wird sind die vier völlig aus dem Häuschen Doch zuhause warten schlechte Nachrichten auf Sheldon: Genau an jenem Tag soll er vor Gericht erscheinen da er eine rote Ampel überfahren hat als er Penny ins Krankenhaus bringen musste Sheldon beschließt sich selbst zu verteidigen - mit fatalen Folgen IMDb rating: 84/10
Leonard Sheldon Howard und Raj können ihr Glück kaum fassen: Der große Stan Lee eine lebende Legende im Comicbuchsektor gibt eine Autogrammstunde in Stuarts Comicbuchladen Kurz vor dem Ereignis entdeckt Howard jedoch eine Gerichtsvorladung die an Sheldon adressiert ist: Just am Tag von Stan Lees Autogrammstunde soll sich Sheldon wegen eines Fahrvergehens vor Gericht verantworten Sheldon ist außer sich und beschließt sich selbst zu verteidigen - mit fatalen Folgen

Sheldon hat einen wichtigen Wissenschaftspreis gewonnen Als er jedoch erfährt dass er auf der Preisverleihung vor großem Publikum eine Rede halten soll bekommt er Panik und spielt mit dem Gedanken die Auszeichnung abzulehnen Seine Freunde wollen ihm helfen: Während Penny mit ihm einen neuen Anzug einkaufen geht versucht Raj es mit Meditation und Leonard mit einer Problemanalyse IMDb rating: 86/10
Sheldon geht als Sieger aus dem diesjährigen Wissenschaftswettbewerb hervor Seine anfängliche Euphorie verfliegt jäh als er erfährt dass er bei der Preisverleihung eine Rede halten soll Aufgrund seines enormen Lampenfiebers zieht Sheldon sogar in Erwägung den Preis gänzlich abzulehnen Doch seine Freunde versprechen ihn gewissenhaft auf die Ansprache vorzubereiten: Penny übernimmt Sheldons modische Ausstattung Raj versucht ihn mit indischen Meditationsübungen auf den rechten Weg zu führen und Leonard greift auf Methoden der Psychoanalyse zurück

Sheldon leidet darunter dass Leonard weniger Zeit für ihn hat und flüchtet zu Penny Dort entdeckt er einen neuen Sessel der sehr bequem ist Doch dann erfährt er dass Penny den Sessel im Müll gefunden Sheldon ist äußerst entsetzt Priya ist nach Indien gereist sodass Leonard und sie ständig miteinander skypen Howard bringt ihn auch auf die Idee via Internet Cybersex zu praktizieren Das gestaltet sich jedoch schwieriger als gedacht
Penny hat einen neuen Sessel den Sheldon großartig findet - bis er erfährt dass sie ihn auf der Straße gefunden und mit nach oben in die Wohnung genommen hat Während Sheldon mit seiner krankhaften Angst vor Schmutz und Bakterien Penny einen Vortrag über die Gefahren des Sessels hält gerät Amy zwischen die Fronten Leonard führt indes eine Fernbeziehung mit Priya die wieder in Indien ist

Sheldon zeigt sich sehr besorgt darüber dass er einen neuen Nachbarn bekommen soll Bei der Mieterin handelt es sich um die hübsche Alicia der Leonard Howard und Raj sofort verfallen Lediglich Sheldon ist gegen Alicias Auftreten gefeit und auch Penny scheint von der Blondine nicht sonderlich angetan IMDb rating: 84/10
Eine neue Mieterin eine hübsche Blondine namens Alicia zieht ein der Leonard Howard und Raj sofort verfallen Sie bieten eifrig ihre Hilfe beim Einzug an lediglich Sheldon ist gegen Alicias Auftreten gefeit Penny will die neue Nachbarin auch unbedingt kennenlernen Dabei erfährt sie dass Alicia Schauspielerin ist im Gegensatz zu ihr aber bereits erste Fernsehrollen ergattern konnte so gerade erst eine Rolle als tote Prostituierte bei "CSI"

Leonard und Sheldon lernen auf einer Party ihren neuen Chef kennen Sheldon kann sich mal wieder nicht zurückhalten und steckt seinem Chef was er von ihm hält - nämlich nichts Als Sheldon daraufhin seinen Job verliert nimmt er sich endlich Zeit für Experimente die er schon immer einmal durchführen wollte Nach leuchtenden Fischen ist nun der Webstuhl dran - und Leonard platzt der Kragen Nur eine Person kann Sheldon jetzt noch zur Besinnung bringen - seine Mutter Mary 
Auf einer Party wird Sheldon und Leonard ihr neuer Boss vorgestellt Leonard schwant Übles - zu Recht Denn leider kann Sheldon wieder einmal seinen Mund nicht halten und bekommt als er seinen Chef beleidigt prompt die Rechung präsentiert: Ihm wird gekündigt Die neu gewonnene Freizeit will er für lang aufgeschobene Experimente nutzen und treibt damit WG-Kumpel Leonard in den Wahnsinn Nur noch eine Wunderwaffe scheint Sheldon jetzt noch zur Vernunft bringen zu können: seine Mutter Mary

Als Amy zufällig Pennys Exfreund Zack kennenlernt ist es um sie geschehen Sofort fühlt sie sich sexuell zu dem großen und muskulösen Mann hingezogen kann ihre Gefühle jedoch nicht einordnen Sheldon möchte ihr helfen und sucht schließlich Rat bei Penny Howard und Raj wollen indes klären wer von ihnen der bessere Superheld wäre sollten sie eines Tages im Falle eines radioaktiven Unfalls Superkräfte bekommen Sie entschließen sich zu einer Reihe von Mutproben
Zwischen Howard und Raj kommt es zum Streit weil sie sich nicht darüber einigen können wer im Falle eines radioaktiven Unfalls zum Superheld und wer zu dessen Gehilfen mutieren würde Um Licht in die Sache zu bringen und dem Streit ein Ende zu setzen wollen sie eine Reihe von Mutproben hinter sich bringen Zeitgleich versuchen Sheldon und Amy hinter die Ursache für Amys körperliche Reaktion auf Pennys Ex-Freund zu kommen der sie während eines gemeinsamen Essens mit Penny und Bernadette aus der Fassung gebracht hat

Sheldon muss kurzfristig Forschungsgelder auftreiben - 500 Millionen Dollar! Die Suche nach einem Gönner gestaltet sich jedoch schwierig und so führt ihn sein Weg nach Las Vegas Seine Verlobte Amy geht derweil mit Penny und Bernadette auf die Jagd nach einem Hochzeitskleid Wie zu erwarten gehen die Meinungen bei diesem Thema jedoch weit auseinander IMDb rating: 74/10
Sheldon braucht für seine Forschung dringend viel Geld - 500 Millionen Dollar! Also muss er sich um einen Sponsor bemühen Doch das klappt leider nicht wie gehofft Deshalb macht er sich auf den Weg nach Las Vegas Unterdessen macht sich Amy gemeinsam mit Penny und Bernadette auf die Suche nach ihrem Hochzeitskleid Schnell wird klar dass die Freundinnen einen unterschiedlichen Geschmack haben

Leonard möchte eine App erstellen mit deren Hilfe man Gleichungen abfotografieren und berechnen lassen kann Er überzeugt seine Freunde ihm dabei zu helfen Während Raj in Gedanken bereits das noch gar nicht erwirtschaftete Geld ausgibt möchte Sheldon die Leitung des Projekts an sich reißen und wird schließlich von Leonard aus dem Team geworfen Sheldon sucht Unterstützung bei Penny die mittlerweile selbst eine Idee für eine App hatte
Leonard glaubt eine gewinnbringende Idee geboren zu haben: Er will eine App entwickeln mit der sich Gleichungen schnell und einfach berechnen lassen Gemeinsam mit seinen Freunden beginnt er mit der Arbeit wobei Sheldon versucht die Führung zu übernehmen und damit einen Streit provoziert Beleidigt beschließt Sheldon ohne Leonard an dem Projekt weiterzuarbeiten und Howard und Raj für sein Team zu gewinnen Doch diese fallen ihm in den Rücken was in Penny Mitleidsgefühle für Sheldon auslöst

Penny ist bei ihrem Date mit Leonard so von seinem akademischen Werdegang eingeschüchtert dass sie kurzerhand behauptet einen College-Abschluss zu haben Als sie Sheldon um Hilfe bittet und ihm von ihrer Lüge erzählt bringt sie ihn in eine schlimme Situation: Penny verpflichtet ihn nachträglich zu Stillschweigen Da Sheldon jedoch kein Geheimnis für sich behalten kann will er ausziehen IMDb rating: 84/10
Penny erzählt Leonard bei ihrem ersten Date dass sie einen College-Abschluss habe um seinen Ansprüchen gerecht zu werden Wieder zu Hause angekommen scheitert Leonard mit seinen Kussversuchen weil er erkennt dass seine Freunde eine Kamera im Hausflur installiert haben  Später vertraut sich Penny Sheldon an Der kommt jedoch nicht damit klar ein Geheimnis mit sich herumzutragen und seine nervösen Ticks schlagen durch - die Lösung: ein Glas mit Milch und Valium

Ein Ex-Freund von Penny kündigt seinen Besuch an weil er als Gitarrist in LA neue Gigs an Land ziehen will Das passt dem eifersüchtigen Leonard überhaupt nicht und führt zu einem heftigen Streit zwischen den beiden Da Sheldon Streit hasst versucht er zu schlichten macht aber alles nur noch schlimmer Als sich auch noch Raj und Howard in die Haare kriegen fühlt sich Sheldon in seine Kindheit zurückversetzt und entwickelt sich auch mental zu einem Kleinkind zurück 
Leonard reagiert eifersüchtig als er erfährt dass einer von Pennys Exfreunden nach LA kommt und sie besuchen will Zwischen den beiden entbrennt ein heftiger Streit Da Sheldon Auseinandersetzungen hasst beschließt er zwischen den Verliebten zu vermitteln Doch seine Mission scheitert Als auch noch Howard und Raj aneinandergeraten fällt Sheldon aufgrund der ungewohnten Stresssituation ins Kleinkindstadium zurück IMDb rating: 8/10
