Penny lädt die vier Physiker Leonard Sheldon Howard und Raj zu einer Halloween-Party ein Die Männer sind begeistert - würden sie nicht alle mit dem gleichen Kostüm ankommen Nachdem sie sich umkostümiert haben geht's auf zur Party - doch sie sind die ersten Gäste Mit der Zeit füllt sich die Wohnung und auch Kurt ist mit von der Partie Leonard versucht Pennys Exfreund die Stirn zu bieten 
Als Penny von einem Heimatbesuch zurückkommt erzählt sie dass plötzlich alle krank wurden Und es dauert nicht lange bis Hypochonder Sheldon auch die ersten Anzeichen einer Grippe zeigt Leonard verlässt fluchtartig die Wohnung kennt er seinen besten Freund doch nur zu gut Und auch Howard und Raj sind vorgewarnt Zu dritt verstecken sie sich vor dem kränkelnden Sheldon der plötzlich bei Penny im Restaurant auftaucht - nun ist guter Rat teuer 

Nachdem sich Howard ein Auto gekauft hat kommt es zu einem Streit um den Parkplatz auf dem Uni-Gelände zwischen ihm und Sheldon Obwohl Sheldon nicht einmal ein Auto besitzt will er dass Howard seinen Parkplatz aufgibt der ihm offiziell zusteht Natürlich lässt sich Howard das so nicht einfach bieten Bald werden auch Amy und Bernadette in die Auseinandersetzung mit hineingezogen Als Penny zwischen den Streitparteien zu vermitteln versucht gerät sie ungewollt zwischen alle Fronten IMDb rating: 84/10
Bernadette arrangiert ein Essen mit ihren Eltern und Howard Als das Gespräch bei Tisch nicht so recht in Gang kommen will versucht Bernadette die Stimmung aufzulockern indem sie die Aufmerksamkeit auf die Angelleidenschaft ihres Vaters lenkt Der Schachzug hat allerdings einen unangenehmen Nebeneffekt: Um seinen wortkargen Schwiegervater besser kennenzulernen soll Howard übers Wochenende mit ihm Angeln gehen Derweil gibt sich Sheldon alle Mühe die kranke Amy zu umhegen IMDb rating: 82/10

Nachdem es zwischen Penny und Leonard nicht geklappt hat wollen beide möglichst schnell ihr normales Leben wieder aufnehmen Penny hat bald einen neuen gut aussehenden Freund und auch Leonard versucht wieder bei seiner Kollegin Leslie Winkle zu landen Als Sheldon die Wohnung verlassen muss um seinem Mitbewohner etwas Privatsphäre zu gönnen steigert sich seine Wut ins Unermessliche IMDb rating: 83/10
Penny stellt Leonard Sheldon Howard und Raj ihren neuen Freund Eric vor Leonard lässt sich daraufhin auf eine Beziehung mit seiner Kollegin Leslie Winkle ein Damit hat vor allem Sheldon Probleme schliesslich ist Leslie seine Erzfeindin die ihn bei jeder Gelegenheit beleidigt Als Sheldon dann auch noch die gemeinsame Wohnung verlassen muss damit Leonard und Leslie ungestört sein können sinnt er auf Rache

Bernadette hat große Neuigkeiten für Howard: Sie ist schwanger Zunächst ist ihr Mann außer sich vor Freude - doch dann kippt seine Stimmung: Er bekommt Angst ob er überhaupt in der Lage ist ein Kind großzuziehen Plötzlich sieht er in dem Leben mit Baby nur noch Probleme Er fragt seine Freunde um Rat doch der fällt sehr gemischt aus: So rechnet Raj aus wie viel ein Kind eigentich kostet und Sheldon macht sich Sorgen dass Howard keine Zeit mehr für ihre gemeinsamen Hobbies haben wird Doch auch Bernadette selbst hat Zweifel Penny und Amy gegenüber gesteht sie dass auch sie sich Sorgen um Howards väterliche Qualitäten macht - und über die Veränderungen die ihrem Körper bevorstehen Nebenbei betrinkt sich Sheldon und möchte unbedingt Karaoke singen - und Howard Raj und Leonard haben eine Geschäftsidee IMDb rating: 75/10
Ramona hat Sheldon geküsst - und das hilft ihm zu erkennen was er wirklich will: Er fliegt nach New Jersey und bittet Amy um ihre Hand Sie ist außer sich vor Freude Doch dann begleitet Sheldon sie zu einem Abendessen mit ihren Kollegen und benimmt sich leider ziemlich daneben Nun zweifelt sie daran ob sie mit ihm wirklich glücklich wäre Bernadette hat währenddessen ein Geheimnis das ihr Leben verändern soll Sie verrät es Penny doch auch Howard bittet Leonard um Rat IMDb rating: 77/10

Bernadette ist verärgert weil Howard nicht bei ihr übernachtet Angeblich muss er sich morgens um seine Mutter kümmern und plant so auch erst nach ihrem Tod auszuziehen Bernadette stellt Howard vor die Wahl - entweder sie oder seine Mutter Leonard erfährt dass Priya wieder in der Stadt ist Obwohl Raj seiner Schwester den Umgang mit Leonard verboten hat wollen die zwei eine Beziehung eingehen Als Penny davon erfährt will Amy ihr als beste Freundin beistehen 
Bernadette ist durch die ihr aufgezwungene monatelange Bettruhe genervt und weckt Howard mitten in der Nacht auf weil sie endlich ihren Sohn zur Welt bringen will Aber die Natur lässt sich nicht zwingen Da es jedoch jeden Moment so weit sein kann Howard aber mit Amy an einem Förderantrag für ihr gemeinsames Projekt arbeiten muss bieten die anderen an sich um Bernadette zu kümmern Doch die Ratschläge von Penny Raj und Leonard um die Wehen einzuleiten sind wenig hilfreich und Sheldon möchte lieber ein kompliziertes Gesellschaftsspiel spielen Als Howard von Amy erfährt dass Bernadette längst einen Namen für das Kind ausgesucht hat nämlich den ihres Vaters ist er sauer und stellt seine Frau zur Rede

Howard ist wieder mit Bernadette zusammen Sheldon ist eng mit Amy befreundet und selbst Raj ist nun angeblich liiert Da sich Leonard sich allein und ausgeschlossen fühlt schlagen Sheldon und Amy ihm vor in der Öffentlichkeit neue Kontakte zu suchen Raj hat aber noch einen anderen Vorschlag für Leonard  Amy will dass Sheldon ihre Mutter kennenlernt Da er davon ausgehen muss dass Amy doch eine feste Beziehung möchte versucht er ihr aus dem Weg zu gehen
Im Comicbuchladen lernt Leonard eine attraktive Frau kennen und fühlt sich unmittelbar von ihr angezogen obwohl er noch mit Priya zusammen ist Da er einen Rat braucht wendet er sich erst an Penny und dann an Sheldon der ihm mit einem Zitat Friedrich Nietzsches zu helfen versucht Sheldon hat indes eigene Probleme: Er will seine Freunde zu Halloween erschrecken hat dabei aber wenig Erfolg

Nachdem sich Howard ein Auto gekauft hat kommt es zu einem Streit um den Parkplatz auf dem Uni-Gelände zwischen ihm und Sheldon Obwohl Sheldon nicht einmal ein Auto besitzt will er dass Howard seinen Parkplatz aufgibt der ihm offiziell zusteht Natürlich lässt sich Howard das so nicht einfach bieten Bald werden auch Amy und Bernadette in die Auseinandersetzung mit hineingezogen Als Penny zwischen den Streitparteien zu vermitteln versucht gerät sie ungewollt zwischen alle Fronten IMDb rating: 84/10
Bernadette ist durch die ihr aufgezwungene monatelange Bettruhe genervt und weckt Howard mitten in der Nacht auf weil sie endlich ihren Sohn zur Welt bringen will Aber die Natur lässt sich nicht zwingen Da es jedoch jeden Moment so weit sein kann Howard aber mit Amy an einem Förderantrag für ihr gemeinsames Projekt arbeiten muss bieten die anderen an sich um Bernadette zu kümmern Doch die Ratschläge von Penny Raj und Leonard um die Wehen einzuleiten sind wenig hilfreich und Sheldon möchte lieber ein kompliziertes Gesellschaftsspiel spielen Als Howard von Amy erfährt dass Bernadette längst einen Namen für das Kind ausgesucht hat nämlich den ihres Vaters ist er sauer und stellt seine Frau zur Rede

Bernadette ist verärgert weil Howard nicht bei ihr übernachtet Angeblich muss er sich morgens um seine Mutter kümmern und plant so auch erst nach ihrem Tod auszuziehen Bernadette stellt Howard vor die Wahl - entweder sie oder seine Mutter Leonard erfährt dass Priya wieder in der Stadt ist Obwohl Raj seiner Schwester den Umgang mit Leonard verboten hat wollen die zwei eine Beziehung eingehen Als Penny davon erfährt will Amy ihr als beste Freundin beistehen 
Howard ist wieder mit Bernadette zusammen Sheldon ist eng mit Amy befreundet und selbst Raj ist nun angeblich liiert Da sich Leonard sich allein und ausgeschlossen fühlt schlagen Sheldon und Amy ihm vor in der Öffentlichkeit neue Kontakte zu suchen Raj hat aber noch einen anderen Vorschlag für Leonard  Amy will dass Sheldon ihre Mutter kennenlernt Da er davon ausgehen muss dass Amy doch eine feste Beziehung möchte versucht er ihr aus dem Weg zu gehen

Professor Rothman geht in den Ruhestand und schon spekuliert Sheldon damit sein Büro zu bekommen Doch er hat nicht mit Barry Kripke gerechnet der ebenfalls Anspruch auf das Zimmer erhebt Amy möchte Penny eine Freude machen und sich bei ihr für die Freundschaft bedanken Sie hat dafür eigens ein riesiges Porträit von sich und Penny gemalt Penny ist sprachlos als sie das Bild sieht
Penny will sich ganz ihrer Schauspielkarriere widmen und gibt daher ihren Job als Kellnerin in der Cheesecake Factory auf Leonard findet dass das ein Fehler ist da er nicht glaubt Penny werde als Schauspielerin Erfolg haben Er traut sich allerdings nicht ihr das zu sagen Währenddessen wird Sheldon gezwungen sich einige Tage freizunehmen Doch er weiß nicht was er mit dieser freien Zeit anfangen soll Bald schon geht er seinen Freunden auf die Nerven In der Zwischenzeit hat Amy an der Universität einen sehr speziellen Verehrer Auch Bernadette hat so ihre Probleme: Sie möchte Ersatz für eines von Howards Comicbüchern finden und braucht dafür Stewarts Hilfe

Bernadette ist verärgert weil Howard nicht bei ihr übernachtet Angeblich muss er sich morgens um seine Mutter kümmern und plant so auch erst nach ihrem Tod auszuziehen Bernadette stellt Howard vor die Wahl - entweder sie oder seine Mutter Leonard erfährt dass Priya wieder in der Stadt ist Obwohl Raj seiner Schwester den Umgang mit Leonard verboten hat wollen die zwei eine Beziehung eingehen Als Penny davon erfährt will Amy ihr als beste Freundin beistehen 
Penny hat einen neuen Sessel den Sheldon großartig findet - bis er erfährt dass sie ihn auf der Straße gefunden und mit nach oben in die Wohnung genommen hat Während Sheldon mit seiner krankhaften Angst vor Schmutz und Bakterien Penny einen Vortrag über die Gefahren des Sessels hält gerät Amy zwischen die Fronten Leonard führt indes eine Fernbeziehung mit Priya die wieder in Indien ist

Da Amys Wohnung wegen einem Wasserschaden renoviert werden muss braucht sie eine zeitweilige Bleibe Das bringt Penny auf die Idee dass Amy bei Sheldon einziehen könnte damit Leonard endlich zu ihr ziehen kann Doch Sheldon zögert Um ihm die Idee schmackhaft zu machen schlägt Penny vor dass er mit Amy auch ihre Wohnung nutzen könnte während sie selbst zu Leonard zieht So behält das Ganze eher einen temporären Charakter Außerdem könne er das Zusammenleben als wissenschaftliches Experiment betrachten Sheldon stimmt zu doch die neuen Wohn-Arrangements haben so ihre Tücken So muss Sheldon nun mit Amy in einem Bett schlafen  Währenddessen erfahren Howard und Bernadette dass Raj bei einem Arztbesuch heimlich in ihrer Akte nach dem Geschlecht des Babys geschaut hat Die beiden wollten sich eigentlich überraschen lassen aber mitten in der Nacht packt sie dann doch die Neugier  IMDb rating: 81/10
Amy fährt zu einer Konferenz und lässt Sheldon zurück Da der nun irgendeine Beschäftigung braucht sucht er nach dem 'besten Angebot' seiner Freunde für den Tag Letztendlich geht er mit in Rajs Labor und hilft ihm bei seinen Weltraumforschungen Zunächst bereut Raj Sheldon mitgenommen zu haben doch dann machen die beiden eine Entdeckung - was allerdings zu neuen Problemen führt Währenddessen wollen Howard und Bernadette ihr Haus neu gestalten - und Stuart entschließt sich endlich wieder auf eigenen Füßen zu stehen Sein Auszug ist eigentlich genau das was sich die beiden gewünscht haben Doch dann stellen sie fest dass sie ihn vermissen Und Penny möchte Medikamente an eine Psychologin verkaufen doch sie bekommt kein Verkaufsgespräch mit ihr Leonard soll also helfen - indem er sich als Patient ausgibt Er ist skeptisch doch dann kommt das Gespräch auf seine Mutter Und plötzlich befinden sich Leonard und Penny beide auf der Couch der Psychologin IMDb rating: 75/10
